// Jest Snapshot v1, https://goo.gl/fbAQLP

exports[`query banner should return the banner 1`] = `
Object {
  "banner": Object {
    "cta": "CTA",
    "subtitle": "Subtitle",
    "theme": "Theme",
    "title": "Title",
    "url": "https://daily.dev",
  },
}
`;
